[ERROR] File "tests/negative.ml", lines 5-9, characters 4-6:
The following test failed:
  (abs min_int) > 0
Expected:
  - : bool = true
Got:
  - : bool = false
[INFO] File "tests/negative.ml", lines 1-10, characters 0-2: 0 / 1 tests passed
Total: 0 / 1 tests passed
